// Jest Snapshot v1, https://goo.gl/fbAQLP

exports[`Add Add entity 1`] = `
Array [
  Object {
    "id": "i:1",
    "prop": "s:test prop",
  },
  Object {
    "id": "i:2",
    "prop": "s:test prop",
  },
]
`;
